                        +----------------+         +------------------+
                        | <<interface>>  |         |  <<interface>>   |
                        |    Drawable    |         |   Serializable   |
                        +----------------+         +------------------+
                        +----------------+         +------------------+
                        | +draw() void   |         | +toJSON() String |
                        | +bounds() Rect |         +------------------+
                        +----------------+                   ^
                                 ^                           :
     +...........................+...........................+
     :                                                       :
     :                                              +----------------+
     :                                              |  <<abstract>>  |
     :                                              |     Shape      |
     :                                              +----------------+
     :                                              | #String id     |
     :                                              | #Style style   |
     :                                              +----------------+
     :                                              | +draw() void   |
     :                                              | +area() double |
     :                                              | +bounds() Rect |
     :                                              +----------------+
     :                                                       *
     :                    +----------------------------+-----+
     :                    |                            |     +--------- styled by ---------+
     :                    |                            |     +. returns .+                 |
     :                    |                            |                 v                 |
     :          +-------------------+         +----------------+     +------+     +----------------+
     :          |      Polygon      |         |    Ellipse     |     | Rect |     |     Style      |
     :          +-------------------+         +----------------+     +------+     +----------------+
     :          | +Point[] vertices |         | +double rx     |                  | +String stroke |
     :          +-------------------+         | +double ry     |                  | +String fill   |
     :          | +int sideCount()  |         +----------------+                  | +double width  |
     :          | +area() double    |         | +area() double |                  +----------------+
     :          +-------------------+         +----------------+                  +----------------+
     :                    ^                            ^
     :           +--------+---------+                  |
     :           |                  |                  |
     :     +----------+     +---------------+     +--------+
     :     | Triangle |     | Quadrilateral |     | Circle |
     :     +----------+     +---------------+     +--------+
     :                              ^
     :           +------------------+
     :           |
     :     +-----------+
     :     | Rectangle |
     :     +-----------+
     :           ^
     +-----------+
     :
+--------+
| Square |
+--------+
