                       +---------+
                       | Stage 1 |
                       +---------+
                            ^
                  +---------+
                  |         +-+
                  |         +-+-----+
                  v           |     |
             +---------+      |     |
             | Stage 2 |      |     |
             +---------+      |     |
                  :           |     |
             +----+           |     |
             |    +.....+     |     |
             v          :     |     |
        +---------+     :     |     |
        | Stage 3 |     :     |     |
        +---------+     :     |     |
             #          :     |     |
     +-------+          :     |     |
     |       #          :   +-+     |
     |       #  +.......+ skip ahead|
     |       +==+=====+     |       |
     |          :     #     |     +-+
     v          :     #     |     |
+---------+     :     #     |     |
| Stage 4 |     :     #     |     |
+---------+     :     #     |     |
     |          :     #     |     |
     |          :     # fast path |
     |          : bulk copy |     |
     |          :     #     |  restart
     v          :     #     |     |
+---------+     :     #     |     |
| Stage 5 |     :     #     |     |
+---------+     :     #     |     |
     |          :     #     |     |
     |          :     +-----+     |
     +..........+     #           |
     :          +=====+           |
     :          #     |     +-----+
     v          #     |     |
+---------+     #     |     |
| Stage 6 |     #     |     |
+---------+     #     |     |
     |          #     |     |
     |          +-----+     |
     +==========+           |
     #          |     +-----+
     v          |     |
+---------+     |     |
| Stage 7 |     |     |
+---------+     |     |
     |          |     |
     +----------+     |
     +----------------+
     v
+---------+
| Stage 8 |
+---------+
