                                                           .-----------.
                                                           ( Developer )
                                                           '-----------'
                                                                 ^
                                                  +- git push ---+
                                                  |              +..............+
                                                  v                             :
                                             .---------.                        :
                                             / Webhook \                        :
                                             '---------'                        :
                                                  |                             :
                                                  v                             :
                                           .-------------.                      :
                                           ( Build queue )                      :
                                           '-------------'                      :
                                                  |                             :
                                  +---------------+-----------------+           :
                                  v               v                 v           :
                              +------+     +------------+     +-----------+     :
                              | Lint |     | Unit tests |     || Compile ||     :
                              +------+     +------------+     +-----------+     :
                                  |               |                 |           :
                                  +---------------+-----------------+           :
                                  |           +.................................+
                                  v           :
                           .------------.     :
                           < All green? >     :
                           '------------'     :
                                  |           :
                                  +-- no ----+:
                                  |          ++
                       +-- yes ---+          :
                       v                     v
              .----------------.     +---------------+
              ( Artifact store )     | Notify author |
              '----------------'     +---------------+
                       ^
                +======+
                #      +......+
                v             :
       +----------------+     :
       | Deploy staging |     :
       +----------------+     :
                |             :
                v             :
         .-------------.      :
         < Smoke tests >      :
         '-------------'      :
                |             :
                +-------+     :
         + pass +       |     :
         |              | rollback
         v              |     :
+-----------------+     |     :
| Promote to prod |     |     :
+-----------------+     |     :
         |              |     :
         |            +-+ fail:
         |            |     +.+
         v            |     :
 .--------------.     |     :
 (( Production ))     |     :
 '--------------'     |     :
         :            |     :
         :          +-+     :
         :          |     +.+
         v          |     :
    +---------+     |     :
    | Metrics |     |     :
    +---------+     |     :
         :          |     :
         +----------+     :
         +................+
    regression
         v
   +-----------+
   | Roll back |
   +-----------+
