         +-----------+
         | Rectangle |
         +-----------+
               |
               v
          .---------.
          | Rounded |
          '---------'
               |
               v
       .---------------.
       ( Stadium shape )
       '---------------'
               |
               v
       +--------------+
       || Subroutine ||
       +--------------+
               |
               v
         .----------.
         ( Database )
         '----------'
               |
               v
         .----------.
         (( Circle ))
         '----------'
               |
               v
         .-----------.
         < Decision? >
         '-----------'
               |
               v
          .---------.
          / Hexagon \
          '---------'
               |
               v
        +------------+
        > Asymmetric |
        +------------+
               |
               v
         _______________
       / Parallelogram /
      /_______________/
               |
               v
     ___________________
     \ Alt parallelogram \
      \___________________\
               |
               v
          ___________
        /  Trapezoid  \
       /_______________\
               |
               v
      ___________________
      \  Alt trapezoid  /
       \_______________/
               |
               v
+-----------------------------+
| has [brackets] and (parens) |
+-----------------------------+
               |
               v
        +-------------+
        | First line  |
        | second line |
        | third line  |
        +-------------+
               |
               v
        +-------------+
        | a & b <tag> |
        +-------------+
               |
               v
     +------------------+
     | Ünïcodé ✓ 日本語 |
     +------------------+
               |
               v
       +---------------+
       | 한글 ＡＢ ｱｲｳ |
       +---------------+
               |
               v
         +-----------+
         | Dashed id |
         +-----------+
               |
               v
            +----+
            | t1 |
            +----+
               |
               v
            +----+
            | t2 |
            +----+
               |
               v
            +----+
            | t3 |
            +----+
