           Incident response runbook

                          _____________
                        / Alert fires /
                       /_____________/
                               |
                               v
                         .-----------.
                         < Severity? >
                         '-----------'
                               |
              +---- SEV1 ------+
              |                +--+ SEV2
              |                +--+------------+
              v                   v            |
      +--------------+     +-------------+     |
      | Page on-call |     | Open ticket |     |
      +--------------+     +-------------+     |
              |                   |            |
              |                +--+------------+
              |          +-----+--+
              v          |     |
        +----------+     |     |
        | War room |     |     |
        +----------+     |     |
              ^          |     |
              |          |   noise
              +-----+    |     |
              |     +----+     |
        + no -+     |          |
        |           v          |
        |     +----------+     |
        |     | Mitigate |     |
        |     +----------+     |
        |           |          |
        |           |+---------+
        +-----------+|
        v            |
 .------------.      |
 < Recovered? >      |
 '------------'      |
        |            |
       yes           |
        v            |
 +-------------+     |
 | Post-mortem |     |
 +-------------+     |
        :            |
        +------------+
  action items
        v
+--------------+
| Silence rule |
+--------------+
