                    +-------------+
                    | Dead letter |
                    +-------------+
                           ^
                      +----+ give up
                      |
                  +-------+
                  | Retry |
                  +-------+
                     ^|
              failed ||
                     |v
                  +------+
                  | Task |--.
                  +------+<-'
                      ^
                      +---------+
            +---------+         |
            |                   |
      +-----------+             |
      | Scheduler |--.          |
      +-----------+<-'          |
            ^                   |
            |                 +-+
            +-----+           |
                  |           |
+-----------+     |           |
| Audit log |     |           |
+-----------+     |           |
      ^           |           |
      |         +-+-----------+
      +- requeue -+
      |         |
 +--------+     |
 | Report |     |
 +--------+     |
      ^         |
      +---------+
      v
  +------+
  | Done |
  +------+
