                                        +--------------+                  .----------.
                                     +->| Auth service |----------------->( Users DB )
                                     |  +--------------+                  '----------'
                                     |
                                     |
                                     |
                                     |                                                                             +--------------+        +-------------------+    +------------------+
                                     |                                                      +=====================>| Email worker |-------x| Dead letter queue |---o| On-call rotation |
                                     |                                                      #                      +--------------+        +-------------------+    +------------------+
                                     |                                                      #
                                     |                                                      #
                                     |                                                      #
                                     |                                                      #
                                     |                                                      #
                                     |                                                      #
                                     |                                    .-----------.     #                      +-----------------+
.---------------.    +-------------+ |                                    |           |<.. retry with backoff .....|                 |     .----------.
( Mobile client )--->| API gateway |-+                     +-- publish -->/ Event bus \=====+=====================>| Shipping worker |-+-+>( Postgres )
'---------------'    +-------------+ |                     |              |           |     #                      |                 | | : '----------'
                                     |                     |              '-----------'     #                      +-----------------+ | :
                                     |                     |                                #                                          | :
                                     |  +---------------+  |                                #                                          | :
                                     +->| Order service |-+++             .-------------.   #+.........................................+.+
                                     |  +---------------+ | + read model >( Redis cache )...++                                         |
                                     |                    |               '-------------'   #                                          |   .--------------.
                                     |                    |                                ++------------------------------------------++->( Search index )
                                     |                    |                                |#                                           |  '--------------'
                                     |                    +--------------------------------+#                                           |
                                     |                                                      #                      +----------------+   |
                                     |                                                    +-+=====================>| Search service |---+
                                     +----------------------------------------------------+                        +----------------+
