                                                                                                   +------------+
                                                                                                   | Input file |
                                                                                                   +------------+
                                                                                                          |
                                                                                                          v
                                                                                                    .-----------.
                                                                                                    < Partition >
                                                                                                    '-----------'
                                                                                                          |
       +-----------------+-----------------+-----------------+-----------------+-----------------+--------+--------+-----------------+-----------------+-----------------+-----------------+-----------------+
       v                 v                 v                 v                 v                 v                 v                 v                 v                 v                 v                 v
 +-----------+     +-----------+     +-----------+     +-----------+     +-----------+     +-----------+     +-----------+     +-----------+     +-----------+     +-----------+     +-----------+     +-----------+
 | Worker 01 |     | Worker 02 |     | Worker 03 |     | Worker 04 |     | Worker 05 |     | Worker 06 |     | Worker 07 |     | Worker 08 |     | Worker 09 |     | Worker 10 |     | Worker 11 |     | Worker 12 |
 +-----------+     +-----------+     +-----------+     +-----------+     +-----------+     +-----------+     +-----------+     +-----------+     +-----------+     +-----------+     +-----------+     +-----------+
       |                 |                 |                 |                 |                 |                 |                 |                 |                 |                 |                 |
       +-----------------+-----------------+-----------------+-----------------+-----------------+-----------------+-----------------+-----------------+-----------------+-----------------+-----------------+
       v
  +--------+
  | Reduce |
  +--------+
       |
       v
.------------.
( Result set )
'------------'
