         +-------------+             +-----------+   +----------+    +----------+
         | Coordinator |             | Inventory |   | Payments |    | Shipping |
         +-------------+             +-----------+   +----------+    +----------+
                |                          |               |               |
                |      reserve items       |               |               |
                |------------------------->|               |               |
                |                          |               |               |
+- critical: reserve stock ---------------------------------------------------------------+
|               |                          |               |               |              |
|               |        reserved          |               |               |              |
|               |< - - - - - - - - - - - - |               |               |              |
|               |                          |               |               |              |
|- option: out of stock  - - - - - - - - - - - - - - - - - - - - - - - - - - - - - - - - -|
|               |                          |               |               |              |
|               |       unavailable        |               |               |              |
|               |< - - - - - - - - - - - - |               |               |              |
|               |                          |               |               |              |
|- option: timeout - - - - - - - - - - - - - - - - - - - - - - - - - - - - - - - - - - - -|
|               |                          |               |               |              |
|               |       no response        |               |               |              |
|               |x - - - - - - - - - - - - |               |               |              |
|               |                          |               |               |              |
+-----------------------------------------------------------------------------------------+
                |                          |               |               |
+- par: charge card ----------------------------------------------------------------------+
|               |                          |               |               |              |
|               |                authorize |               |               |              |
|               |----------------------------------------->|               |              |
|               |                          |               |               |              |
|               |                approved  |               |               |              |
|               |< - - - - - - - - - - - - - - - - - - - - |               |              |
|               |                          |               |               |              |
|- and: reserve courier  - - - - - - - - - - - - - - - - - - - - - - - - - - - - - - - - -|
|               |                          |               |               |              |
|               |                        book slot         |               |              |
|               |--------------------------------------------------------->|              |
|               |                          |               |               |              |
|               |                       slot 14:00         |               |              |
|               |< - - - - - - - - - - - - - - - - - - - - - - - - - - - - |              |
|               |                          |               |               |              |
|- and: warm cache - - - - - - - - - - - - - - - - - - - - - - - - - - - - - - - - - - - -|
|               |                          |               |               |              |
|               |--.                       |               |               |              |
|               |  | prefetch catalogue    |               |               |              |
|               |<-'                       |               |               |              |
|               |                          |               |               |              |
+-----------------------------------------------------------------------------------------+
                |                          |               |               |
+- rect ----------------------------------------------------------------------------------+
|               |                          |               |               |              |
| +- loop: up to 3 attempts ------------------------------------------------------------+ |
| |             |                          |               |               |            | |
| |             |              capture funds               |               |            | |
| |             |----------------------------------------->|               |            | |
| |             |                          |               |               |            | |
| | +- alt: captured -----------------------------------------------------------------+ | |
| | |           |                          |               |               |          | | |
| | |           |                 receipt  |               |               |          | | |
| | |           |< - - - - - - - - - - - - - - - - - - - - |               |          | | |
| | |           |                          |               |               |          | | |
| | |- else: declined  - - - - - - - - - - - - - - - - - - - - - - - - - - - - - - - -| | |
| | |           |                          |               |               |          | | |
| | |           |      release stock       |               |               |          | | |
| | |           |------------------------->|               |               |          | | |
| | |           |                          |               |               |          | | |
| | |           |     compensate done      |               |               |          | | |
| | |           |< - - - - - - - - - - - - |               |               |          | | |
| | |           |                          |               |               |          | | |
| | | +- break: payment abandoned --------------------------------------------------+ | | |
| | | |         |                          |               |               |        | | | |
| | | |         |                       cancel slot        |               |        | | | |
| | | |         |--------------------------------------------------------->|        | | | |
| | | |         |                          |               |               |        | | | |
| | | +-----------------------------------------------------------------------------+ | | |
| | |           |                          |               |               |          | | |
| | +---------------------------------------------------------------------------------+ | |
| |             |                          |               |               |            | |
| +-------------------------------------------------------------------------------------+ |
|               |                          |               |               |              |
+-----------------------------------------------------------------------------------------+
                |                          |               |               |
             +--------------------------------------------------------------+
             |                        saga complete                         |
             +--------------------------------------------------------------+
                |                          |               |               |
         +-------------+             +-----------+   +----------+    +----------+
         | Coordinator |             | Inventory |   | Payments |    | Shipping |
         +-------------+             +-----------+   +----------+    +----------+
