                                       Arrow gallery

                +-------+         +------+                +-------+           +-----------+
                | Alpha |         | Beta |                | Gamma |           | Ephemeral |
                +-------+         +------+                +-------+           +-----------+
                    |                 |                       |                     |
                    |   solid open    |                       |                     |
                    |-----------------|                       |                     |
                    |                 |                       |                     |
                    |   solid arrow   |                       |                     |
                    |---------------->|                       |                     |
                    |                 |                       |                     |
                    |               dashed open               |                     |
                    |- - - - - - - - -|- - - - - - - - - - - -|                     |
                    |                 |                       |                     |
                    |              dashed arrow               |                     |
                    |- - - - - - - - -|- - - - - - - - - - - >|                     |
                    |                 |                       |                     |
                    |                 |      solid cross      |                     |
                    |                 |----------------------x|                     |
                    |                 |                       |                     |
                    |                 |     dashed cross      |                     |
                    |                 |- - - - - - - - - - - x|                     |
                    |                 |                       |                     |
                    |                 |      solid async      |                     |
                    |                 |----------------------)|                     |
                    |                 |                       |                     |
                    |                 |     dashed async      |                     |
                    |                 |- - - - - - - - - - - )|                     |
                    |                 |                       |                     |
                    |              bidirectional              |                     |
                    |<--------------------------------------->|                     |
                    |                 |                       |                     |
                    |--.              |                       |                     |
                    |  | self call    |                       |                     |
                    |<-'              |                       |                     |
                    |                 |                       |                     |
                    |                 |--.                    |                     |
                    |                 |  | recursive check    |                     |
                    |                 |<-'                    |                     |
                    |                 |                       |                     |
  +---------------+ |                 |                       |                     |
  | leftmost note | |                 |                       |                     |
  +---------------+ |                 |                       |                     |
                    |                 |                       |                     |
                    |                 |                       | +----------------+  |
                    |                 |                       | | rightmost note |  |
                    |                 |                       | +----------------+  |
                    |                 |                       |                     |
                  +---------------------------------------------+                   |
                  |            spans every lifeline             |                   |
                  +---------------------------------------------+                   |
                    |                 |                       |                     |
                    |                 |           spawn       |                     |
                    |-------------------------------------------------------------->|
                    |                 |                       |                     |
                    |                 |           ready       |                     |
                    |< - - - - - - - -|- - - - - - - - - - - -|- - - - - - - - - - -|
                    |                 |                       |                     |
                    |                 |         terminate     |                     |
                    |--------------------------------------------------------------x|
                    |                 |                       |                     |
                    |            long return trip             |                     |
                    |< - - - - - - - -|- - - - - - - - - - - -|                     |
                    |                 |                       |                     |
                +-------+         +------+                +-------+           +-----------+
                | Alpha |         | Beta |                | Gamma |           | Ephemeral |
                +-------+         +------+                +-------+           +-----------+
