     +------+               +---------+                +----------------------+      +--------------+    +-------------+
     | User |               | Browser |                | Authorization server |      | Resource API |    | Token store |
     +------+               +---------+                +----------------------+      +--------------+    +-------------+
         |                       |                                 |                         |                  |
         |  1. open /dashboard   |                                 |                         |                  |
         |---------------------->|                                 |                         |                  |
         |                       |                                 |                         |                  |
         |                       |  2. GET /authorize?scope=read   |                         |                  |
         |                       |-------------------------------->|                         |                  |
         |                       |                                 |                         |                  |
         |                     +-------------------------------------+                       |                  |
         |                     |       PKCE challenge attached       |                       |                  |
         |                     +-------------------------------------+                       |                  |
         |                       |                                 |                         |                  |
+- alt: credentials valid --------------------------------------------------------------------------------------------------------------------+
|        |                       |                                 |                         |                  |                             |
|        |                    3. consent screen                    |                         |                  |                             |
|        |<--------------------------------------------------------|                         |                  |                             |
|        |                       |                                 |                         |                  |                             |
|        |                       4. approve                        |                         |                  |                             |
|        |- - - - - - - - - - - -|- - - - - - - - - - - - - - - - >|                         |                  |                             |
|        |                       |                                 |                         |                  |                             |
|        |                       |      5. 302 with auth code      |                         |                  |                             |
|        |                       |< - - - - - - - - - - - - - - - -|                         |                  |                             |
|        |                       |                                 |                         |                  |                             |
|- else: credentials invalid - - - - - - - - - - - - - - - - - - - - - - - - - - - - - - - - - - - - - - - - - -|- - - - - - - - - - - - - - -|
|        |                       |                                 |                         |                  |                             |
|        |                       |      6. 401 invalid_grant       |                         |                  |                             |
|        |                       |< - - - - - - - - - - - - - - - -|                         |                  |                             |
|        |                       |                                 |                         |                  |                             |
|        |     7. show error     |                                 |                         |                  |                             |
|        |<----------------------|                                 |                         |                  |                             |
|        |                       |                                 |                         |                  |                             |
+---------------------------------------------------------------------------------------------------------------------------------------------+
         |                       |                                 |                         |                  |
         |                       |      8. POST /token (code)      |                         |                  |
         |                       |-------------------------------->|                         |                  |
         |                       |                                 |                         |                  |
         |                       |                                 |         9. persist refresh token           |
         |                       |                                 |------------------------------------------->|
         |                       |                                 |                         |                  |
         |                       |                                 |                  10. ok |                  |
         |                       |                                 |< - - - - - - - - - - - -|- - - - - - - - - |
         |                       |                                 |                         |                  |
         |                       |   11. access + refresh token    |                         |                  |
         |                       |< - - - - - - - - - - - - - - - -|                         |                  |
         |                       |                                 |                         |                  |
+- loop: every request -----------------------------------------------------------------------------------------------------------------------+
|        |                       |                                 |                         |                  |                             |
|        |                       |                  12. GET /data (bearer)                   |                  |                             |
|        |                       |---------------------------------------------------------->|                  |                             |
|        |                       |                                 |                         |                  |                             |
|        |                       |                                 |  13. introspect token   |                  |                             |
|        |                       |                                 |<------------------------|                  |                             |
|        |                       |                                 |                         |                  |                             |
|        |                       |                                 |     14. active=true     |                  |                             |
|        |                       |                                 |- - - - - - - - - - - - >|                  |                             |
|        |                       |                                 |                         |                  |                             |
|        |                       |                      15. 200 payload                      |                  |                             |
|        |                       |< - - - - - - - - - - - - - - - -|- - - - - - - - - - - - -|                  |                             |
|        |                       |                                 |                         |                  |                             |
| +- opt: token expired --------------------------------------------------------------------------------------------------------------------+ |
| |      |                       |                                 |                         |                  |                           | |
| |      |                       |    16. POST /token (refresh)    |                         |                  |                           | |
| |      |                       |-------------------------------->|                         |                  |                           | |
| |      |                       |                                 |                         |                  |                           | |
| |      |                       |                                 |         17. rotate refresh token           |                           | |
| |      |                       |                                 |------------------------------------------->|                           | |
| |      |                       |                                 |                         |                  |                           | |
| |      |                       |                                 |               18. new pair                 |                           | |
| |      |                       |                                 |< - - - - - - - - - - - -|- - - - - - - - - |                           | |
| |      |                       |                                 |                         |                  |                           | |
| |      |                       |      19. refreshed tokens       |                         |                  |                           | |
| |      |                       |< - - - - - - - - - - - - - - - -|                         |                  |                           | |
| |      |                       |                                 |                         |                  |                           | |
| +-----------------------------------------------------------------------------------------------------------------------------------------+ |
|        |                       |                                 |                         |                  |                             |
+---------------------------------------------------------------------------------------------------------------------------------------------+
         |                       |                                 |                         |                  |
         |                       |                                 |                         |                  | +---------------------+
         |                       |                                 |                         |                  | | rotation is audited |
         |                       |                                 |                         |                  | +---------------------+
         |                       |                                 |                         |                  |
     +------+               +---------+                +----------------------+      +--------------+    +-------------+
     | User |               | Browser |                | Authorization server |      | Resource API |    | Token store |
     +------+               +---------+                +----------------------+      +--------------+    +-------------+
