      (*)                                                                                                (*)                    (*)                      (*)
       |                                                                                                  |                      |                        |
       v                                                                                                  v                      v                        v
   .------.                                                                                        .------------.         .------------.            .-----------.
   | Idle |                                                                                        | Connecting |         | Monitoring |            | Buffering |
   '------'                                                                                        '------------'         '------------'            '-----------'
      ^|                                                                                                  ^                     ^|                       ^|
      || connect                                                                                          |                     ||                       ||
abort ||                                                                                                  |                     ||                       ||
      ||                                                                                    +-------------+ handshake ok        ||                       ||
      ||                                                                                    |             +----+ handshake error||                       ||
      ||                                                                                    |             |    |                ||                       || buffer full
      ||                                                                                    |             |    |                ||              underrun ||
      ||                                                                                    |             |    |                || loss > 2%             ||
      ||                                                                                    |             |    |      recovered ||                       ||
      ||                                                                                    |             +- retry --+          ||                       ||
      |v                                                                                    v                  |     |          |v                       |v
  .---------.                                                                           .-------.              |     |     .----------.             .-----------.
  | Dialing |                                                                           | Ready |              |     |     | Degraded |             | Streaming |--. heartbeat
  '---------'                                                                           '-------'              |     |     '----------'             '-----------'<-'
                                                                                            |                  |     |           |
                                                                                            |                  +-----+           |
                                                                                        shutdown               |                 |
                                                                                            |                  +---- give up ----+
                                                                                            v                  v
                                                                              (*)     .----------.        .--------.
                                                                               |      | Draining |        | Failed |
                                                                               |      '----------'        '--------'
                                                                               |            |
                                                                               + link down -+
                                                                               v
                                                                          .---------.
                                                                          | Offline |
                                                                          '---------'
                                                                               |
                                                                            link up
                                                                               v
                                                                          .--------.
                                                                          | Online |
                                                                          '--------'
                                                                               |
                                                                             fatal
                                                                               v
                                                                              (O)
