                                              (*)
                                               |
                                               v
                                           .-------.
                                           | Draft |
                                           '-------'
                                               |
                                       +-------+ submit
                                       |       +--------+
                                       v                |
                                 .-----------.          |
                                 | Submitted |          |
                                 '-----------'          |
                                       |                |
                                 reserve stock          |
                                       v                |
                             .------------------.       |
                             | Awaiting payment |       |
                             '------------------'       |
                                       |                |
                             +---------+ fraud check    |
                             |         |             abandon
                             |         +----------+     |
                             v                    |     |
                      .-------------.             |     |
                      < fraud_check >             |     |
                      '-------------'             |     |
                             |                    |     |
                       +-----+ score < 40         |     |
                       |     +------+ score >= 40 |     |
                       |            |          timeout  |
                       |            v             |     |
                       |       .--------.         |     |
                       |       | Review |         |     |
                       |       '--------'         |     |
                       |            |             |     |
                       +- approve --+             |     |
                       |            +-- reject ---+     |
                       |                          +-----+
                       v                          v
                   .------.                 .-----------.
                   | Paid |                 | Cancelled |
                   '------'                 '-----------'
                       |                          |
                       v                          |
                   #########                      |
                       |                          |
           +-----------+                          |
           |           +-----------+              |
           v                       v              |
   .---------------.     .------------------.     |
   | pick and pack |     | generate invoice |     |
   '---------------'     '------------------'     |
           |                       |              |
           +-----------------------+              |
           |           +--------------------------+
           v           |
       #########       |
           |           |
           v           |
      .---------.      |
      | Shipped |      |
      '---------'      |
           |           |
     courier scan      |
           v           |
     .-----------.     |
     | Delivered |     |
     '-----------'     |
           |           |
           +-----+     |
      +----+ customer return
      v          |     |
.----------.     |     |
| Returned |     |     |
'----------'     |     |
      |          |     |
      |       30 days  |
      v          |     |
.----------.     |     |
| Refunded |     |     |
'----------'     |     |
      |          |     |
      +----------+     |
      |         +------+
      v         |
 .--------.     |
 | Closed |     |
 '--------'     |
      |         |
      +---------+
      v
     (O)
